{
  "version": "1.5.0",
  "plugins_used": [
    {
      "name": "ArtifactoryDetector"
    },
    {
      "name": "AWSKeyDetector"
    },
    {
      "name": "AzureStorageKeyDetector"
    },
    {
      "name": "Base64HighEntropyString",
      "limit": 4.5
    },
    {
      "name": "BasicAuthDetector"
    },
    {
      "name": "CloudantDetector"
    },
    {
      "name": "DiscordBotTokenDetector"
    },
    {
      "name": "GitHubTokenDetector"
    },
    {
      "name": "GitLabTokenDetector"
    },
    {
      "name": "HexHighEntropyString",
      "limit": 3.0
    },
    {
      "name": "IbmCloudIamDetector"
    },
    {
      "name": "IbmCosHmacDetector"
    },
    {
      "name": "IPPublicDetector"
    },
    {
      "name": "JwtTokenDetector"
    },
    {
      "name": "KeywordDetector",
      "keyword_exclude": ""
    },
    {
      "name": "MailchimpDetector"
    },
    {
      "name": "NpmDetector"
    },
    {
      "name": "OpenAIDetector"
    },
    {
      "name": "PrivateKeyDetector"
    },
    {
      "name": "PypiTokenDetector"
    },
    {
      "name": "SendGridDetector"
    },
    {
      "name": "SlackDetector"
    },
    {
      "name": "SoftlayerDetector"
    },
    {
      "name": "SquareOAuthDetector"
    },
    {
      "name": "StripeDetector"
    },
    {
      "name": "TelegramBotTokenDetector"
    },
    {
      "name": "TwilioKeyDetector"
    }
  ],
  "filters_used": [
    {
      "path": "detect_secrets.filters.allowlist.is_line_allowlisted"
    },
    {
      "path": "detect_secrets.filters.common.is_ignored_due_to_verification_policies",
      "min_level": 2
    },
    {
      "path": "detect_secrets.filters.heuristic.is_indirect_reference"
    },
    {
      "path": "detect_secrets.filters.heuristic.is_likely_id_string"
    },
    {
      "path": "detect_secrets.filters.heuristic.is_lock_file"
    },
    {
      "path": "detect_secrets.filters.heuristic.is_not_alphanumeric_string"
    },
    {
      "path": "detect_secrets.filters.heuristic.is_potential_uuid"
    },
    {
      "path": "detect_secrets.filters.heuristic.is_prefixed_with_dollar_sign"
    },
    {
      "path": "detect_secrets.filters.heuristic.is_sequential_string"
    },
    {
      "path": "detect_secrets.filters.heuristic.is_swagger_file"
    },
    {
      "path": "detect_secrets.filters.heuristic.is_templated_secret"
    },
    {
      "path": "detect_secrets.filters.regex.should_exclude_file",
      "pattern": [
        ".*\\.parquet$|.*\\.json$|.*\\.lock$|.*\\.log$|.*\\.csv$"
      ]
    }
  ],
  "results": {
    "backend/pipelines/README.md": [
      {
        "type": "Basic Auth Credentials",
        "filename": "backend/pipelines/README.md",
        "hashed_secret": "9d4e1e23bd5b727046a9e3b4b7db57bd8d6ee684",
        "is_verified": false,
        "line_number": 82
      }
    ],
    "backend/pipelines/bbr_buildings/tests/test_config.py": [
      {
        "type": "Secret Keyword",
        "filename": "backend/pipelines/bbr_buildings/tests/test_config.py",
        "hashed_secret": "c94d65f02a652d11c2e5c2e1ccf38dce5a076e1e",
        "is_verified": false,
        "line_number": 49
      }
    ],
    "backend/pipelines/drive_data_pipeline/test_work_permits_pipeline.py": [
      {
        "type": "Hex High Entropy String",
        "filename": "backend/pipelines/drive_data_pipeline/test_work_permits_pipeline.py",
        "hashed_secret": "ccc5d32c54e50dd75f9c9e3b2c85ca4153817e6e",
        "is_verified": false,
        "line_number": 71
      }
    ],
    "backend/pipelines/drive_data_pipeline/tests/bronze/drive/test_auth.py": [
      {
        "type": "Private Key",
        "filename": "backend/pipelines/drive_data_pipeline/tests/bronze/drive/test_auth.py",
        "hashed_secret": "1348b145fa1a555461c1b790a2f66614781091e9",
        "is_verified": false,
        "line_number": 23
      },
      {
        "type": "Base64 High Entropy String",
        "filename": "backend/pipelines/drive_data_pipeline/tests/bronze/drive/test_auth.py",
        "hashed_secret": "70282f6a7aa537985c50718ca6da10c8bf8883b6",
        "is_verified": false,
        "line_number": 24
      },
      {
        "type": "Base64 High Entropy String",
        "filename": "backend/pipelines/drive_data_pipeline/tests/bronze/drive/test_auth.py",
        "hashed_secret": "e65db1bb5ca632e09e33b98c106d4d23f1a61cb2",
        "is_verified": false,
        "line_number": 25
      },
      {
        "type": "Base64 High Entropy String",
        "filename": "backend/pipelines/drive_data_pipeline/tests/bronze/drive/test_auth.py",
        "hashed_secret": "2c1e6d5243d779253465b1e3d037d638c4cec328",
        "is_verified": false,
        "line_number": 26
      }
    ],
    "backend/pipelines/unified_pipeline/src/tests/bronze/test_dmi.py": [
      {
        "type": "Secret Keyword",
        "filename": "backend/pipelines/unified_pipeline/src/tests/bronze/test_dmi.py",
        "hashed_secret": "767ef7376d44bb6e52b390ddcd12c1cb1b3902a4",
        "is_verified": false,
        "line_number": 50
      }
    ],
    "backend/pipelines/unified_pipeline/src/tests/fixtures/sample_geometries.py": [
      {
        "type": "Hex High Entropy String",
        "filename": "backend/pipelines/unified_pipeline/src/tests/fixtures/sample_geometries.py",
        "hashed_secret": "e3f5bf2cc633437952a1948ae0f2a3dca8669958",
        "is_verified": false,
        "line_number": 115
      },
      {
        "type": "Hex High Entropy String",
        "filename": "backend/pipelines/unified_pipeline/src/tests/fixtures/sample_geometries.py",
        "hashed_secret": "38d1ed91f3340ae0dce1f4eaf6d0f0b33a82b195",
        "is_verified": false,
        "line_number": 122
      }
    ],
    "backend/pipelines/unified_pipeline/src/tests/integration/test_dst_dmi_integration.py": [
      {
        "type": "Secret Keyword",
        "filename": "backend/pipelines/unified_pipeline/src/tests/integration/test_dst_dmi_integration.py",
        "hashed_secret": "767ef7376d44bb6e52b390ddcd12c1cb1b3902a4",
        "is_verified": false,
        "line_number": 77
      }
    ],
    "backend/pipelines/unified_pipeline/tests/gold/test_pmtiles_generator.py": [
      {
        "type": "Secret Keyword",
        "filename": "backend/pipelines/unified_pipeline/tests/gold/test_pmtiles_generator.py",
        "hashed_secret": "72cb70dbbafe97e5ea13ad88acd65d08389439b0",
        "is_verified": false,
        "line_number": 300
      }
    ]
  },
  "generated_at": "2025-10-14T16:34:08Z"
}
